------------------------------------------------------------
TimeQuest Timing Analyzer Summary
------------------------------------------------------------

Type  : Slow 1200mV 85C Model Setup 'clock:comb_3|cnt[22]'
Slack : -3.850
TNS   : -10.890

Type  : Slow 1200mV 85C Model Setup 'CLOCK_50'
Slack : -2.013
TNS   : -29.173

Type  : Slow 1200mV 85C Model Setup 'a'
Slack : -0.803
TNS   : -4.588

Type  : Slow 1200mV 85C Model Setup 'SW[0]'
Slack : -0.682
TNS   : -1.015

Type  : Slow 1200mV 85C Model Hold 'a'
Slack : -0.968
TNS   : -7.847

Type  : Slow 1200mV 85C Model Hold 'SW[0]'
Slack : -0.862
TNS   : -2.444

Type  : Slow 1200mV 85C Model Hold 'CLOCK_50'
Slack : -0.165
TNS   : -0.165

Type  : Slow 1200mV 85C Model Hold 'clock:comb_3|cnt[22]'
Slack : 3.047
TNS   : 0.000

Type  : Slow 1200mV 85C Model Minimum Pulse Width 'CLOCK_50'
Slack : -3.000
TNS   : -32.555

Type  : Slow 1200mV 85C Model Minimum Pulse Width 'SW[0]'
Slack : -3.000
TNS   : -10.710

Type  : Slow 1200mV 85C Model Minimum Pulse Width 'clock:comb_3|cnt[22]'
Slack : -1.285
TNS   : -3.855

Type  : Slow 1200mV 85C Model Minimum Pulse Width 'a'
Slack : 0.436
TNS   : 0.000

Type  : Slow 1200mV 0C Model Setup 'clock:comb_3|cnt[22]'
Slack : -3.417
TNS   : -9.863

Type  : Slow 1200mV 0C Model Setup 'CLOCK_50'
Slack : -1.689
TNS   : -23.742

Type  : Slow 1200mV 0C Model Setup 'a'
Slack : -0.620
TNS   : -3.228

Type  : Slow 1200mV 0C Model Setup 'SW[0]'
Slack : -0.594
TNS   : -0.680

Type  : Slow 1200mV 0C Model Hold 'SW[0]'
Slack : -0.867
TNS   : -2.499

Type  : Slow 1200mV 0C Model Hold 'a'
Slack : -0.810
TNS   : -6.257

Type  : Slow 1200mV 0C Model Hold 'CLOCK_50'
Slack : -0.093
TNS   : -0.093

Type  : Slow 1200mV 0C Model Hold 'clock:comb_3|cnt[22]'
Slack : 2.891
TNS   : 0.000

Type  : Slow 1200mV 0C Model Minimum Pulse Width 'CLOCK_50'
Slack : -3.000
TNS   : -32.555

Type  : Slow 1200mV 0C Model Minimum Pulse Width 'SW[0]'
Slack : -3.000
TNS   : -10.710

Type  : Slow 1200mV 0C Model Minimum Pulse Width 'clock:comb_3|cnt[22]'
Slack : -1.285
TNS   : -3.855

Type  : Slow 1200mV 0C Model Minimum Pulse Width 'a'
Slack : 0.466
TNS   : 0.000

Type  : Fast 1200mV 0C Model Setup 'clock:comb_3|cnt[22]'
Slack : -2.061
TNS   : -5.732

Type  : Fast 1200mV 0C Model Setup 'CLOCK_50'
Slack : -0.489
TNS   : -3.994

Type  : Fast 1200mV 0C Model Setup 'a'
Slack : -0.137
TNS   : -0.303

Type  : Fast 1200mV 0C Model Setup 'SW[0]'
Slack : 0.193
TNS   : 0.000

Type  : Fast 1200mV 0C Model Hold 'SW[0]'
Slack : -0.626
TNS   : -1.845

Type  : Fast 1200mV 0C Model Hold 'a'
Slack : -0.534
TNS   : -4.911

Type  : Fast 1200mV 0C Model Hold 'CLOCK_50'
Slack : -0.183
TNS   : -0.183

Type  : Fast 1200mV 0C Model Hold 'clock:comb_3|cnt[22]'
Slack : 1.411
TNS   : 0.000

Type  : Fast 1200mV 0C Model Minimum Pulse Width 'CLOCK_50'
Slack : -3.000
TNS   : -32.757

Type  : Fast 1200mV 0C Model Minimum Pulse Width 'SW[0]'
Slack : -3.000
TNS   : -9.727

Type  : Fast 1200mV 0C Model Minimum Pulse Width 'clock:comb_3|cnt[22]'
Slack : -1.000
TNS   : -3.000

Type  : Fast 1200mV 0C Model Minimum Pulse Width 'a'
Slack : 0.337
TNS   : 0.000

------------------------------------------------------------
